Brings up components of the stack.

If no components are provided as arguments, all configured components will be brought up.'

Usage:
  stack up [<component>...] [flags]

Flags:
  -h, --help             help for up
  -w, --wait int[=300]   Stack readiness wait period in seconds (default -1)

Global Flags:
  -r, --project_directory string     set the project directory of the stack (default ".")
      --stack_configuration string   set the name of the configuration file to be used (default ".stack-local")
