Delete the named stock secret.

Usage:
  stack secrets delete [secretType] [flags]

Flags:
  -h, --help   help for delete

Global Flags:
      --stack_config_file string   Set the name of the configuration file to be used (default ".stack-local")
  -r, --stack_directory string     Set the project directory for stack CLI (default ".")
