Commands for building, deploying, and maintaining platform services.

Usage:
  stack [flags]
  stack [command]

Available Commands:
  build       Builds images for the given component using containers defined in config.
  context     Get or set the current active kubectx.
  down        Tears down the stack.
  enter       Initiates a terminal session to a container in a pod of the given k8s deployment
  environment Get or set the current active environment.
  expose      Exposes a kubernetes deployment to your local machine.
  health      Get the health of the stack.
  help        Help about any command
  install     Installs dependencies needed to run stack commands.
  logs        Show logs for a pod of the given k8s deployment (or a container in it).
  pods        List running pods.
  secrets     Utility command for distributing credentials with Kubernetes secrets.
  up          Brings up components of the stack.

Flags:
  -h, --help                       help for stack
      --stack_config_file string   Set the name of the configuration file to be used (default ".stack-local")
  -r, --stack_directory string     Set the project directory for stack CLI (default ".")
  -v, --version                    Print the stack CLI version

Use "stack [command] --help" for more information about a command.
