NAME                                            READY   STATUS          RESTARTS        AGE             IP              NODE                    NOMINATED       READINESS       IMAGES
tls-app-579f7cd745-t6fdg                        0/1     Running         0               <unknown>       <none>          <none>                  <none>          <none>          [alpine:latest]
