Error: component not found
Usage:
  stack expose <component> <local port> <remote port> [flags]

Flags:
  -h, --help   help for expose

Global Flags:
      --stack_config_file string   Set the name of the configuration file to be used (default ".stack-local")
  -r, --stack_directory string     Set the project directory for stack CLI (default ".")

