Show logs for a kubernetes deployment (or particular container).

Usage:
  stack logs <deployment> [container] [flags]

Flags:
      --field strings      Field selector
  -f, --follow             stream (follow) logs as they happen
  -h, --help               help for logs
      --label strings      Label selector
      --namespace string   Namespace

Global Flags:
  -r, --project_directory string     set the project directory of the stack (default ".")
      --stack_configuration string   set the name of the configuration file to be used (default ".stack-local")
