Error: read stack config: double check you are in a configured stack directory, or have provided one as the `stack_directory` option
Usage:
  stack environment [target] [flags]
  stack environment [command]

Aliases:
  environment, env

Available Commands:
  list        List configured environments.

Flags:
  -h, --help   help for environment

Global Flags:
      --stack_config_file string   Set the name of the configuration file to be used (default ".stack-local")
  -r, --stack_directory string     Set the project directory for stack CLI (default ".")

Use "stack environment [command] --help" for more information about a command.

