Error: no environments found - double check you are in a stack directory with configured environments
Usage:
  stack environment [target] [flags]
  stack environment [command]

Aliases:
  environment, env

Available Commands:
  list        List configured environments.

Flags:
  -h, --help   help for environment

Global Flags:
  -r, --stack_directory string     set the project directory of the stack (default ".")
      --stack_configuration string   set the name of the configuration file to be used (default ".stack-local")

Use "stack environment [command] --help" for more information about a command.

