Delete the named stock secret.

Usage:
  stack secrets delete [secretType] [flags]

Flags:
  -h, --help   help for delete

Global Flags:
  -r, --project_directory string     set the project directory of the stack (default ".")
      --stack_configuration string   set the name of the configuration file to be used (default ".stack-local")
