List running pods.

Usage:
  stack health [flags]

Flags:
  -d, --dependency_versions dependency_name=version   Comma separated list of dependency version assignments as dependency_name=version
      --field strings                                 Field selectors
  -h, --help                                          help for health
      --label strings                                 Label selectors
      --namespace string                              Namespace
  -w, --wide                                          Wide cell (default true)

Global Flags:
      --stack_config_file string   Set the name of the configuration file to be used (default ".stack-local")
  -r, --stack_directory string     Set the project directory for stack CLI (default ".")
